// Vitest Snapshot v1, https://vitest.dev/guide/snapshot.html

exports[`ErrorBoundary > Error Handling > displays error notification when error occurs 1`] = `
<div>
  <div
    class="bg-red-100 border-red-400 text-red-700 border px-4 py-3 rounded relative mb-4 flex justify-between items-center"
    role="alert"
  >
    <span
      class="block sm:inline"
    >
      Test error
    </span>
    <button
      aria-label="Close"
      class="ml-4"
    >
      <span
        aria-hidden="true"
        class="text-xl"
      >
        Ã—
      </span>
    </button>
  </div>
</div>
`;

exports[`ErrorBoundary > Normal Rendering > renders children when no error occurs 1`] = `
<div>
  <div>
    Normal Component
  </div>
</div>
`;
