// Vitest Snapshot v1, https://vitest.dev/guide/snapshot.html

exports[`PrivateRoute > Authentication States > shows loading spinner while checking auth status 1`] = `
<div>
  <div
    data-testid="spinner"
  >
    Loading...
  </div>
</div>
`;
