// Vitest Snapshot v1, https://vitest.dev/guide/snapshot.html

exports[`BasicInfoFields > Rendering > should match snapshot 1`] = `
<div>
  <div
    class="MuiFormControl-root MuiFormControl-fullWidth MuiTextField-root css-tuk39d-MuiFormControl-root-MuiTextField-root"
  >
    <label
      class="MuiFormLabel-root MuiInputLabel-root MuiInputLabel-formControl MuiInputLabel-animated MuiInputLabel-shrink MuiInputLabel-sizeMedium MuiInputLabel-outlined MuiFormLabel-colorPrimary MuiFormLabel-filled MuiInputLabel-root MuiInputLabel-formControl MuiInputLabel-animated MuiInputLabel-shrink MuiInputLabel-sizeMedium MuiInputLabel-outlined css-113d811-MuiFormLabel-root-MuiInputLabel-root"
      data-shrink="true"
      for=":r0:"
      id=":r0:-label"
    >
      Title
    </label>
    <div
      class="MuiInputBase-root MuiOutlinedInput-root MuiInputBase-colorPrimary MuiInputBase-fullWidth MuiInputBase-formControl css-1blp12k-MuiInputBase-root-MuiOutlinedInput-root"
    >
      <input
        aria-invalid="false"
        class="MuiInputBase-input MuiOutlinedInput-input css-16wblaj-MuiInputBase-input-MuiOutlinedInput-input"
        id=":r0:"
        name="title"
        type="text"
        value="Test Title"
      />
      <fieldset
        aria-hidden="true"
        class="MuiOutlinedInput-notchedOutline css-1ll44ll-MuiOutlinedInput-notchedOutline"
      >
        <legend
          class="css-w1u3ce"
        >
          <span>
            Title
          </span>
        </legend>
      </fieldset>
    </div>
  </div>
  <div
    class="MuiFormControl-root MuiFormControl-fullWidth MuiTextField-root css-tuk39d-MuiFormControl-root-MuiTextField-root"
  >
    <label
      class="MuiFormLabel-root MuiInputLabel-root MuiInputLabel-formControl MuiInputLabel-animated MuiInputLabel-shrink MuiInputLabel-sizeMedium MuiInputLabel-outlined MuiFormLabel-colorPrimary MuiFormLabel-filled MuiInputLabel-root MuiInputLabel-formControl MuiInputLabel-animated MuiInputLabel-shrink MuiInputLabel-sizeMedium MuiInputLabel-outlined css-113d811-MuiFormLabel-root-MuiInputLabel-root"
      data-shrink="true"
      for=":r1:"
      id=":r1:-label"
    >
      Description
    </label>
    <div
      class="MuiInputBase-root MuiOutlinedInput-root MuiInputBase-colorPrimary MuiInputBase-fullWidth MuiInputBase-formControl MuiInputBase-multiline css-zsp0bh-MuiInputBase-root-MuiOutlinedInput-root"
    >
      <textarea
        aria-invalid="false"
        class="MuiInputBase-input MuiOutlinedInput-input MuiInputBase-inputMultiline css-w4nesw-MuiInputBase-input-MuiOutlinedInput-input"
        id=":r1:"
        name="description"
        rows="4"
        style="height: 0px; overflow: hidden;"
      >
        Test Description
      </textarea>
      <textarea
        aria-hidden="true"
        class="MuiInputBase-input MuiOutlinedInput-input MuiInputBase-inputMultiline css-w4nesw-MuiInputBase-input-MuiOutlinedInput-input"
        readonly=""
        style="visibility: hidden; position: absolute; overflow: hidden; height: 0px; top: 0px; left: 0px; transform: translateZ(0); padding-top: 0px; padding-bottom: 0px; width: 100%;"
        tabindex="-1"
      />
      <fieldset
        aria-hidden="true"
        class="MuiOutlinedInput-notchedOutline css-1ll44ll-MuiOutlinedInput-notchedOutline"
      >
        <legend
          class="css-w1u3ce"
        >
          <span>
            Description
          </span>
        </legend>
      </fieldset>
    </div>
  </div>
  <div
    class="MuiFormControl-root MuiFormControl-fullWidth MuiTextField-root css-tuk39d-MuiFormControl-root-MuiTextField-root"
  >
    <label
      class="MuiFormLabel-root MuiInputLabel-root MuiInputLabel-formControl MuiInputLabel-animated MuiInputLabel-shrink MuiInputLabel-sizeMedium MuiInputLabel-outlined MuiFormLabel-colorPrimary MuiFormLabel-filled MuiInputLabel-root MuiInputLabel-formControl MuiInputLabel-animated MuiInputLabel-shrink MuiInputLabel-sizeMedium MuiInputLabel-outlined css-113d811-MuiFormLabel-root-MuiInputLabel-root"
      data-shrink="true"
      for=":r2:"
      id=":r2:-label"
    >
      Pet's Name (leave blank if not known)
    </label>
    <div
      class="MuiInputBase-root MuiOutlinedInput-root MuiInputBase-colorPrimary MuiInputBase-fullWidth MuiInputBase-formControl css-1blp12k-MuiInputBase-root-MuiOutlinedInput-root"
    >
      <input
        aria-invalid="false"
        class="MuiInputBase-input MuiOutlinedInput-input css-16wblaj-MuiInputBase-input-MuiOutlinedInput-input"
        id=":r2:"
        name="name"
        type="text"
        value="Test Pet Name"
      />
      <fieldset
        aria-hidden="true"
        class="MuiOutlinedInput-notchedOutline css-1ll44ll-MuiOutlinedInput-notchedOutline"
      >
        <legend
          class="css-w1u3ce"
        >
          <span>
            Pet's Name (leave blank if not known)
          </span>
        </legend>
      </fieldset>
    </div>
  </div>
</div>
`;
