// Vitest Snapshot v1, https://vitest.dev/guide/snapshot.html

exports[`ImageUpload > renders correctly 1`] = `
<div>
  <div
    class="mt-8"
  >
    <h2
      class="text-lg font-medium text-gray-900 mb-2"
    >
      Upload Image
    </h2>
    <div
      class="MuiFormControl-root MuiFormControl-fullWidth css-ytlejw-MuiFormControl-root"
    >
      <label
        class="MuiButtonBase-root MuiButton-root MuiButton-outlined MuiButton-outlinedPrimary MuiButton-sizeMedium MuiButton-outlinedSizeMedium MuiButton-colorPrimary MuiButton-root MuiButton-outlined MuiButton-outlinedPrimary MuiButton-sizeMedium MuiButton-outlinedSizeMedium MuiButton-colorPrimary css-3545tq-MuiButtonBase-root-MuiButton-root"
        role="button"
        tabindex="0"
      >
        <span
          class="MuiButton-icon MuiButton-startIcon MuiButton-iconSizeMedium css-1jsm74t-MuiButton-startIcon"
        >
          <svg
            aria-hidden="true"
            class="MuiSvgIcon-root MuiSvgIcon-fontSizeMedium css-1umw9bq-MuiSvgIcon-root"
            data-testid="CloudUploadIcon"
            focusable="false"
            viewBox="0 0 24 24"
          >
            <path
              d="M19.35 10.04C18.67 6.59 15.64 4 12 4 9.11 4 6.6 5.64 5.35 8.04 2.34 8.36 0 10.91 0 14c0 3.31 2.69 6 6 6h13c2.76 0 5-2.24 5-5 0-2.64-2.05-4.78-4.65-4.96M14 13v4h-4v-4H7l5-5 5 5z"
            />
          </svg>
        </span>
        Choose File
        <input
          accept="image/*"
          data-testid="file-input"
          name="image"
          style="display: none;"
          type="file"
        />
      </label>
    </div>
  </div>
</div>
`;
