// Vitest Snapshot v1, https://vitest.dev/guide/snapshot.html

exports[`Footer > matches snapshot 1`] = `
<div>
  <div
    class="bg-base-200 py-6"
    role="contentinfo"
  >
    <div
      class="container mx-auto px-4 text-center"
    >
      <div
        class="flex justify-center space-x-6"
      >
        <a
          data-testid="nav-link"
          href="/reports"
        >
          Reports
        </a>
        <a
          data-testid="nav-link"
          href="#"
        >
          About
        </a>
        <a
          data-testid="nav-link"
          href="#"
        >
          Contact
        </a>
        <a
          data-testid="nav-link"
          href="/reports"
        >
          Search
        </a>
      </div>
      <div
        class="mt-4 text-sm text-gray-500"
      >
        <p>
          Â© YEAR Lost Pet Registry. All rights reserved.
        </p>
      </div>
    </div>
  </div>
</div>
`;
