// Vitest Snapshot v1, https://vitest.dev/guide/snapshot.html

exports[`Map > matches snapshot 1`] = `
<div>
  <div
    class="relative w-full h-[400px] rounded-lg overflow-hidden"
  >
    <div
      data-center="[40.7128,-74.006]"
      data-testid="map-container"
      data-zoom="15"
    >
      <div
        data-attribution="Â© <a href="https://www.openstreetmap.org/copyright">OpenStreetMap</a> contributors"
        data-testid="tile-layer"
        data-url="https://{s}.tile.openstreetmap.org/{z}/{x}/{y}.png"
      />
      <div
        data-position="[40.7128,-74.006]"
        data-testid="map-marker"
      />
    </div>
    <div
      class="absolute inset-0 bg-white/75 z-[1000] flex items-center justify-center"
    >
      <div
        class="text-gray-300"
        data-size="32"
        data-testid="spinner"
      />
    </div>
  </div>
</div>
`;
